// Jest Snapshot v1, https://goo.gl/fbAQLP

exports[`should render ExpenseListItem 1`] = `
<div>
  <[object Object]
    to="/edit/1"
  >
    <h3>
      Gum
    </h3>
  </[object Object]>
  <p>
    Amount: 
    $1.95
  </p>
  <p>
    Created at: 
    January 1st, 1970
  </p>
</div>
`;
